---
source: tests/tests.rs
expression: ast
snapshot_kind: text
---
[
  VarDecl(Int, "foo", None),
  FunDefn(
    decl: FunDecl(Void, "foo", []),
    block: Block(
      stmts: [
        ExprStmt(FunCallExpr(VarExpr("print_s"), [
          TypecastExpr(Pointer(Char), Literal(Str("oh noes!!"))),
        ])),
      ],
    ),
  ),
  FunDefn(
    decl: FunDecl(Int, "main", []),
    block: Block(
      stmts: [
        Return(Some(Literal(Int(0)))),
      ],
    ),
  ),
]
