---
source: tests/tests.rs
expression: typed_hir
snapshot_kind: text
---
HirPool([
  TypedHir(
    id: NodeId(1240),
    ty: Pointer(Char),
    kind: VarDecl(Pointer(Char), "s", None),
  ),
  TypedHir(
    id: NodeId(1241),
    ty: Void,
    kind: FunDecl(Void, "print_s", [
      NodeRef(0),
    ]),
  ),
  TypedHir(
    id: NodeId(1242),
    ty: Char,
    kind: VarDecl(Char, "c", None),
  ),
  TypedHir(
    id: NodeId(1243),
    ty: Void,
    kind: FunDecl(Void, "print_c", [
      NodeRef(2),
    ]),
  ),
  TypedHir(
    id: NodeId(1244),
    ty: Int,
    kind: VarDecl(Int, "i", None),
  ),
  TypedHir(
    id: NodeId(1245),
    ty: Void,
    kind: FunDecl(Void, "print_i", [
      NodeRef(4),
    ]),
  ),
  TypedHir(
    id: NodeId(1246),
    ty: Int,
    kind: VarDecl(Int, "bar", None),
  ),
  TypedHir(
    id: NodeId(1247),
    ty: Int,
    kind: VarDecl(Int, "baz", None),
  ),
  TypedHir(
    id: NodeId(1248),
    ty: Struct("foo"),
    kind: StructTypeDecl(Struct("foo"), "foo", [
      NodeRef(6),
      NodeRef(7),
    ]),
  ),
  TypedHir(
    id: NodeId(1249),
    ty: Int,
    kind: VarDecl(Int, "foo", None),
  ),
  TypedHir(
    id: NodeId(1250),
    ty: Char,
    kind: VarDecl(Char, "bar", None),
  ),
  TypedHir(
    id: NodeId(1251),
    ty: Char,
    kind: VarDecl(Char, "baz", None),
  ),
], [
  NodeRef(1),
  NodeRef(3),
  NodeRef(5),
  NodeRef(8),
  NodeRef(9),
  NodeRef(10),
  NodeRef(11),
])
