---
source: tests/tests.rs
expression: ast
snapshot_kind: text
---
[
  StructTypeDecl(Struct("foo"), "foo", [
    VarDecl(Char, "a", None),
    VarDecl(Char, "b", None),
    VarDecl(Char, "c", None),
  ]),
  VarDecl(Struct("foo"), "glob", None),
  FunDefn(
    decl: FunDecl(Void, "main", []),
    block: Block(
      stmts: [
        Decl(VarDecl(Struct("foo"), "loc", None)),
        ExprStmt(Assign(FieldAccessExpr(VarExpr("loc"), "a"), Literal(Char('a')))),
        ExprStmt(Assign(FieldAccessExpr(VarExpr("loc"), "b"), Literal(Char('b')))),
        ExprStmt(Assign(FieldAccessExpr(VarExpr("loc"), "c"), Literal(Char('c')))),
        ExprStmt(Assign(VarExpr("glob"), VarExpr("loc"))),
        ExprStmt(FunCallExpr(VarExpr("print_c"), [
          FieldAccessExpr(VarExpr("loc"), "a"),
        ])),
        ExprStmt(FunCallExpr(VarExpr("print_c"), [
          FieldAccessExpr(VarExpr("glob"), "a"),
        ])),
      ],
    ),
  ),
]
