---
source: tests/tests.rs
expression: typed_hir
snapshot_kind: text
---
HirPool([
  TypedHir(
    id: NodeId(1302),
    ty: Pointer(Char),
    kind: VarDecl(Pointer(Char), "s", None),
  ),
  TypedHir(
    id: NodeId(1303),
    ty: Void,
    kind: FunDecl(Void, "print_s", [
      NodeRef(0),
    ]),
  ),
  TypedHir(
    id: NodeId(1304),
    ty: Char,
    kind: VarDecl(Char, "c", None),
  ),
  TypedHir(
    id: NodeId(1305),
    ty: Void,
    kind: FunDecl(Void, "print_c", [
      NodeRef(2),
    ]),
  ),
  TypedHir(
    id: NodeId(1306),
    ty: Int,
    kind: VarDecl(Int, "i", None),
  ),
  TypedHir(
    id: NodeId(1307),
    ty: Void,
    kind: FunDecl(Void, "print_i", [
      NodeRef(4),
    ]),
  ),
  TypedHir(
    id: NodeId(1308),
    ty: Void,
    kind: FunDecl(Void, "main", []),
  ),
  TypedHir(
    id: NodeId(1309),
    ty: Int,
    kind: Literal(Int(0)),
  ),
  TypedHir(
    id: NodeId(1310),
    ty: Int,
    kind: VarDecl(Int, "a", Some(NodeRef(7))),
  ),
  TypedHir(
    id: NodeId(1311),
    ty: Int,
    kind: Literal(Int(10)),
  ),
  TypedHir(
    id: NodeId(1312),
    ty: Int,
    kind: VarDecl(Int, "b", Some(NodeRef(9))),
  ),
  TypedHir(
    id: NodeId(1313),
    ty: Int,
    kind: Literal(Int(5)),
  ),
  TypedHir(
    id: NodeId(1314),
    ty: Int,
    kind: VarDecl(Int, "c", Some(NodeRef(11))),
  ),
  TypedHir(
    id: NodeId(1315),
    ty: Int,
    kind: VarDecl(Int, "d", None),
  ),
  TypedHir(
    id: NodeId(1316),
    ty: Int,
    kind: Literal(Int(0)),
  ),
  TypedHir(
    id: NodeId(1317),
    ty: Int,
    kind: Literal(Int(2)),
  ),
  TypedHir(
    id: NodeId(1318),
    ty: Int,
    kind: BinOp(NodeRef(14), Sub, NodeRef(15)),
  ),
  TypedHir(
    id: NodeId(1319),
    ty: Int,
    kind: VarDecl(Int, "e", Some(NodeRef(16))),
  ),
  TypedHir(
    id: NodeId(1320),
    ty: Int,
    kind: VarExpr(NodeRef(8)),
  ),
  TypedHir(
    id: NodeId(1321),
    ty: Int,
    kind: VarExpr(NodeRef(10)),
  ),
  TypedHir(
    id: NodeId(1322),
    ty: Int,
    kind: BinOp(NodeRef(18), Lt, NodeRef(19)),
  ),
  TypedHir(
    id: NodeId(1323),
    ty: Int,
    kind: VarExpr(NodeRef(12)),
  ),
  TypedHir(
    id: NodeId(1324),
    ty: Int,
    kind: Literal(Int(2)),
  ),
  TypedHir(
    id: NodeId(1325),
    ty: Int,
    kind: VarExpr(NodeRef(12)),
  ),
  TypedHir(
    id: NodeId(1326),
    ty: Int,
    kind: Literal(Int(1)),
  ),
  TypedHir(
    id: NodeId(1327),
    ty: Int,
    kind: BinOp(NodeRef(23), Add, NodeRef(24)),
  ),
  TypedHir(
    id: NodeId(1328),
    ty: Int,
    kind: BinOp(NodeRef(22), Mul, NodeRef(25)),
  ),
  TypedHir(
    id: NodeId(1329),
    ty: Int,
    kind: Assign(NodeRef(21), NodeRef(26)),
  ),
  TypedHir(
    id: NodeId(1330),
    ty: Int,
    kind: VarExpr(NodeRef(10)),
  ),
  TypedHir(
    id: NodeId(1331),
    ty: Int,
    kind: VarExpr(NodeRef(10)),
  ),
  TypedHir(
    id: NodeId(1332),
    ty: Int,
    kind: VarExpr(NodeRef(10)),
  ),
  TypedHir(
    id: NodeId(1333),
    ty: Int,
    kind: Literal(Int(1)),
  ),
  TypedHir(
    id: NodeId(1334),
    ty: Int,
    kind: BinOp(NodeRef(30), Sub, NodeRef(31)),
  ),
  TypedHir(
    id: NodeId(1335),
    ty: Int,
    kind: BinOp(NodeRef(29), Mul, NodeRef(32)),
  ),
  TypedHir(
    id: NodeId(1336),
    ty: Int,
    kind: Assign(NodeRef(28), NodeRef(33)),
  ),
  TypedHir(
    id: NodeId(1337),
    ty: r#None,
    kind: Block([
      NodeRef(27),
      NodeRef(34),
    ]),
  ),
  TypedHir(
    id: NodeId(1338),
    ty: r#None,
    kind: Block([
      NodeRef(35),
    ]),
  ),
  TypedHir(
    id: NodeId(1339),
    ty: r#None,
    kind: While(NodeRef(20), NodeRef(36)),
  ),
  TypedHir(
    id: NodeId(1340),
    ty: Int,
    kind: VarExpr(NodeRef(12)),
  ),
  TypedHir(
    id: NodeId(1341),
    ty: Void,
    kind: FunCallExpr(NodeRef(5), [
      NodeRef(38),
    ]),
  ),
  TypedHir(
    id: NodeId(1342),
    ty: r#None,
    kind: Block([
      NodeRef(8),
      NodeRef(10),
      NodeRef(12),
      NodeRef(13),
      NodeRef(17),
      NodeRef(37),
      NodeRef(39),
    ]),
  ),
  TypedHir(
    id: NodeId(1343),
    ty: Void,
    kind: FunDefn(NodeRef(6), NodeRef(40)),
  ),
], [
  NodeRef(1),
  NodeRef(3),
  NodeRef(5),
  NodeRef(41),
])
