---
source: tests/tests.rs
expression: ast
snapshot_kind: text
---
Program([
  Stmt(Decl(FunDefn(
    decl: Stmt(Decl(FunDecl(Void, "main", []))),
    block: Block(
      stmts: [
        Decl(MultiVarDecl(Int, [
          "a",
          "b",
        ], [
          Some(Literal(Int(0))),
          Some(Literal(Int(10))),
        ])),
        Decl(MultiVarDecl(Int, [
          "c",
          "d",
          "e",
        ], [
          Some(Literal(Int(5))),
          None,
          Some(BinOp(Literal(Int(0)), Sub, Literal(Int(2)))),
        ])),
        While(
          expr: BinOp(VarExpr("a"), Lt, VarExpr("b")),
          stmt: Block(
            stmts: [
              ExprStmt(Assign(VarExpr("c"), BinOp(Literal(Int(2)), Mul, BinOp(VarExpr("c"), Add, Literal(Int(1)))))),
              ExprStmt(Assign(VarExpr("b"), BinOp(VarExpr("b"), Mul, BinOp(VarExpr("b"), Sub, Literal(Int(1)))))),
            ],
          ),
        ),
        Decl(MultiVarDecl(Int, [
          "cast_1",
          "cast_2",
        ], [
          Some(Literal(Int(50))),
          Some(Literal(Int(60))),
        ])),
        Decl(VarDecl(Char, "cast_3", Some(Literal(Char('b'))))),
        ExprStmt(FunCallExpr(VarExpr("print_c"), [
          TypecastExpr(Char, VarExpr("cast_1")),
        ])),
        ExprStmt(FunCallExpr(VarExpr("print_c"), [
          TypecastExpr(Char, BinOp(VarExpr("cast_1"), Add, VarExpr("cast_2"))),
        ])),
        ExprStmt(FunCallExpr(VarExpr("print_i"), [
          BinOp(TypecastExpr(Int, VarExpr("cast_3")), Add, Literal(Int(1))),
        ])),
        ExprStmt(FunCallExpr(VarExpr("print_i"), [
          VarExpr("c"),
        ])),
      ],
    ),
  ))),
])
